
bryan@DESKTOP-BE8VBJT MINGW64 ~/OneDrive/Desktop/taruc/Taruc (main)
$ git init
Reinitialized existing Git repository in C:/Users/bryan/OneDrive/Desktop/taruc/Taruc/.git/

bryan@DESKTOP-BE8VBJT MINGW64 ~/OneDrive/Desktop/taruc/Taruc (main)
$ git checkout -b taruc-iptq1
Switched to a new branch 'taruc-iptq1'

bryan@DESKTOP-BE8VBJT MINGW64 ~/OneDrive/Desktop/taruc/Taruc (taruc-iptq1)
$ mk dir 2021300355
bash: mk: command not found

bryan@DESKTOP-BE8VBJT MINGW64 ~/OneDrive/Desktop/taruc/Taruc (taruc-iptq1)
$ mkdir 2021300355

bryan@DESKTOP-BE8VBJT MINGW64 ~/OneDrive/Desktop/taruc/Taruc (taruc-iptq1)
$ cd 2021300355

bryan@DESKTOP-BE8VBJT MINGW64 ~/OneDrive/Desktop/taruc/Taruc/2021300355 (taruc-iptq1)
$ touch try.txt

bryan@DESKTOP-BE8VBJT MINGW64 ~/OneDrive/Desktop/taruc/Taruc/2021300355 (taruc-iptq1)
$ git add .

bryan@DESKTOP-BE8VBJT MINGW64 ~/OneDrive/Desktop/taruc/Taruc/2021300355 (taruc-iptq1)
$ git commit -m "1st"
[taruc-iptq1 8e17064] 1st
 1 file changed, 0 insertions(+), 0 deletions(-)
 create mode 100644 2021300355/try.txt

bryan@DESKTOP-BE8VBJT MINGW64 ~/OneDrive/Desktop/taruc/Taruc/2021300355 (taruc-iptq1)
$ git push -u origin taruc-iptq1
Enumerating objects: 5, done.
Counting objects: 100% (5/5), done.
Delta compression using up to 8 threads
Compressing objects: 100% (2/2), done.
Writing objects: 100% (4/4), 312 bytes | 312.00 KiB/s, done.
Total 4 (delta 0), reused 0 (delta 0), pack-reused 0
remote:
remote: Create a pull request for 'taruc-iptq1' on GitHub by visiting:
remote:      https://github.com/exiea/Taruc/pull/new/taruc-iptq1
remote:
To https://github.com/exiea/Taruc.git
 * [new branch]      taruc-iptq1 -> taruc-iptq1
branch 'taruc-iptq1' set up to track 'origin/taruc-iptq1'.

bryan@DESKTOP-BE8VBJT MINGW64 ~/OneDrive/Desktop/taruc/Taruc/2021300355 (taruc-iptq1)
$ touch index.html

bryan@DESKTOP-BE8VBJT MINGW64 ~/OneDrive/Desktop/taruc/Taruc/2021300355 (taruc-iptq1)
$ git add .

bryan@DESKTOP-BE8VBJT MINGW64 ~/OneDrive/Desktop/taruc/Taruc/2021300355 (taruc-iptq1)
$ git status
On branch taruc-iptq1
Your branch is up to date with 'origin/taruc-iptq1'.

Changes to be committed:
  (use "git restore --staged <file>..." to unstage)
        new file:   index.html


bryan@DESKTOP-BE8VBJT MINGW64 ~/OneDrive/Desktop/taruc/Taruc/2021300355 (taruc-iptq1)
$ git commit "static web"
error: pathspec 'static web' did not match any file(s) known to git

bryan@DESKTOP-BE8VBJT MINGW64 ~/OneDrive/Desktop/taruc/Taruc/2021300355 (taruc-iptq1)
$ git push -u origin taruc-iptq1
Everything up-to-date
branch 'taruc-iptq1' set up to track 'origin/taruc-iptq1'.

bryan@DESKTOP-BE8VBJT MINGW64 ~/OneDrive/Desktop/taruc/Taruc/2021300355 (taruc-iptq1)
$ git push -u origin taruc-iptq1
Everything up-to-date
branch 'taruc-iptq1' set up to track 'origin/taruc-iptq1'.

bryan@DESKTOP-BE8VBJT MINGW64 ~/OneDrive/Desktop/taruc/Taruc/2021300355 (taruc-iptq1)
$ touch index.html

bryan@DESKTOP-BE8VBJT MINGW64 ~/OneDrive/Desktop/taruc/Taruc/2021300355 (taruc-iptq1)
$ git status
On branch taruc-iptq1
Your branch is up to date with 'origin/taruc-iptq1'.

Changes to be committed:
  (use "git restore --staged <file>..." to unstage)
        new file:   index.html

Changes not staged for commit:
  (use "git add <file>..." to update what will be committed)
  (use "git restore <file>..." to discard changes in working directory)
        modified:   index.html


bryan@DESKTOP-BE8VBJT MINGW64 ~/OneDrive/Desktop/taruc/Taruc/2021300355 (taruc-iptq1)
$ git add index.html

bryan@DESKTOP-BE8VBJT MINGW64 ~/OneDrive/Desktop/taruc/Taruc/2021300355 (taruc-iptq1)
$ git commit -m "static website"
[taruc-iptq1 e60726c] static website
 1 file changed, 30 insertions(+)
 create mode 100644 2021300355/index.html

bryan@DESKTOP-BE8VBJT MINGW64 ~/OneDrive/Desktop/taruc/Taruc/2021300355 (taruc-iptq1)
$ git status
On branch taruc-iptq1
Your branch is ahead of 'origin/taruc-iptq1' by 1 commit.
  (use "git push" to publish your local commits)

nothing to commit, working tree clean

bryan@DESKTOP-BE8VBJT MINGW64 ~/OneDrive/Desktop/taruc/Taruc/2021300355 (taruc-iptq1)
$ git push -u origin taruc-iptq1
Enumerating objects: 6, done.
Counting objects: 100% (6/6), done.
Delta compression using up to 8 threads
Compressing objects: 100% (4/4), done.
Writing objects: 100% (4/4), 1.00 KiB | 513.00 KiB/s, done.
Total 4 (delta 0), reused 0 (delta 0), pack-reused 0
To https://github.com/exiea/Taruc.git
   8e17064..e60726c  taruc-iptq1 -> taruc-iptq1
branch 'taruc-iptq1' set up to track 'origin/taruc-iptq1'.

bryan@DESKTOP-BE8VBJT MINGW64 ~/OneDrive/Desktop/taruc/Taruc/2021300355 (taruc-iptq1)
$ git status
On branch taruc-iptq1
Your branch is up to date with 'origin/taruc-iptq1'.

Changes not staged for commit:
  (use "git add <file>..." to update what will be committed)
  (use "git restore <file>..." to discard changes in working directory)
        modified:   index.html

no changes added to commit (use "git add" and/or "git commit -a")

bryan@DESKTOP-BE8VBJT MINGW64 ~/OneDrive/Desktop/taruc/Taruc/2021300355 (taruc-iptq1)
$ git add index.html

bryan@DESKTOP-BE8VBJT MINGW64 ~/OneDrive/Desktop/taruc/Taruc/2021300355 (taruc-iptq1)
$ git commit -m "modified"
[taruc-iptq1 fc180ab] modified
 1 file changed, 23 insertions(+), 4 deletions(-)

bryan@DESKTOP-BE8VBJT MINGW64 ~/OneDrive/Desktop/taruc/Taruc/2021300355 (taruc-iptq1)
$ git status
On branch taruc-iptq1
Your branch is ahead of 'origin/taruc-iptq1' by 1 commit.
  (use "git push" to publish your local commits)

nothing to commit, working tree clean

bryan@DESKTOP-BE8VBJT MINGW64 ~/OneDrive/Desktop/taruc/Taruc/2021300355 (taruc-iptq1)
$ git push -u origin taruc-iptq1
Enumerating objects: 7, done.
Counting objects: 100% (7/7), done.
Delta compression using up to 8 threads
Compressing objects: 100% (4/4), done.
Writing objects: 100% (4/4), 610 bytes | 610.00 KiB/s, done.
Total 4 (delta 1), reused 0 (delta 0), pack-reused 0
remote: Resolving deltas: 100% (1/1), completed with 1 local object.
To https://github.com/exiea/Taruc.git
   e60726c..fc180ab  taruc-iptq1 -> taruc-iptq1
branch 'taruc-iptq1' set up to track 'origin/taruc-iptq1'.

bryan@DESKTOP-BE8VBJT MINGW64 ~/OneDrive/Desktop/taruc/Taruc/2021300355 (taruc-iptq1)
$
